[2026-10-06 12:40:54] Controller connected
[2026-10-06 12:40:54] AUTH OPS-3146

[2026-10-06 12:40:54] SYSINFO

[2026-10-06 12:40:54] LISTPROC

[2026-10-06 12:40:54] EXEC DATE

[2026-10-06 12:40:54] PUT upload.txt 17

[2026-10-06 12:40:54] PUT completed successfully: upload.txt
[2026-10-06 12:40:54] MONITOR START 9001

[2026-10-06 12:41:04] MONITOR STOP

[2026-10-06 12:41:04] QUIT

[2026-10-06 12:41:04] Controller disconnected
[2026-10-06 12:43:36] Controller connected
[2026-10-06 12:43:36] AUTH OPS-3146

[2026-10-06 12:43:36] SYSINFO

[2026-10-06 12:43:36] LISTPROC

[2026-10-06 12:43:36] EXEC DATE

[2026-10-06 12:43:36] PUT upload.txt 17

[2026-10-06 12:43:36] PUT completed successfully: upload.txt
[2026-10-06 12:43:36] MONITOR START 9001

[2026-10-06 12:43:46] MONITOR STOP

[2026-10-06 12:43:46] QUIT

[2026-10-06 12:43:46] Controller disconnected
[2026-10-06 12:43:47] Controller connected
[2026-10-06 12:43:47] AUTH OPS-3146

[2026-10-06 12:43:47] SYSINFO

[2026-10-06 12:43:47] LISTPROC

[2026-10-06 12:43:47] EXEC DATE

[2026-10-06 12:43:47] PUT upload.txt 17

[2026-10-06 12:43:47] PUT completed successfully: upload.txt
[2026-10-06 12:43:47] MONITOR START 9001

[2026-10-06 12:43:52] Controller connected
[2026-10-06 12:43:52] AUTH OPS-3146

[2026-10-06 12:43:52] SYSINFO

[2026-10-06 12:43:52] LISTPROC

[2026-10-06 12:43:52] EXEC DATE

[2026-10-06 12:43:52] PUT upload.txt 17

[2026-10-06 12:43:52] PUT completed successfully: upload.txt
[2026-10-06 12:43:53] Controller disconnected
[2026-10-06 12:43:57] MONITOR STOP

[2026-10-06 12:43:57] QUIT

[2026-10-06 12:43:57] Controller disconnected
[2026-10-06 12:44:28] Controller connected
[2026-10-06 12:44:28] AUTH OPS-3146

[2026-10-06 12:44:28] SYSINFO

[2026-10-06 12:44:28] LISTPROC

[2026-10-06 12:44:28] EXEC DATE

[2026-10-06 12:44:28] PUT upload.txt 17

[2026-10-06 12:44:28] PUT completed successfully: upload.txt
[2026-10-06 12:44:28] MONITOR START 9001

[2026-10-06 12:44:38] MONITOR STOP

[2026-10-06 12:44:38] QUIT

[2026-10-06 12:44:38] Controller disconnected
[2026-10-06 12:44:40] Controller connected
[2026-10-06 12:44:40] AUTH OPS-3146

[2026-10-06 12:44:40] SYSINFO

[2026-10-06 12:44:40] LISTPROC

[2026-10-06 12:44:40] EXEC DATE

[2026-10-06 12:44:40] PUT upload.txt 17

[2026-10-06 12:44:40] PUT completed successfully: upload.txt
[2026-10-06 12:44:40] MONITOR START 9001

[2026-10-06 12:44:47] Controller connected
[2026-10-06 12:44:47] AUTH OPS-3146

[2026-10-06 12:44:47] SYSINFO

[2026-10-06 12:44:47] LISTPROC

[2026-10-06 12:44:47] EXEC DATE

[2026-10-06 12:44:47] PUT upload.txt 17

[2026-10-06 12:44:47] PUT completed successfully: upload.txt
[2026-10-06 12:44:47] Controller disconnected
[2026-10-06 12:44:50] MONITOR STOP

[2026-10-06 12:44:50] QUIT

[2026-10-06 12:44:50] Controller disconnected
[2026-10-06 12:44:51] Controller connected
[2026-10-06 12:44:51] AUTH OPS-3146

[2026-10-06 12:44:51] SYSINFO

[2026-10-06 12:44:51] LISTPROC

[2026-10-06 12:44:51] EXEC DATE

[2026-10-06 12:44:52] PUT upload.txt 17

[2026-10-06 12:44:52] PUT completed successfully: upload.txt
[2026-10-06 12:44:52] MONITOR START 9001

[2026-10-06 12:45:02] MONITOR STOP

[2026-10-06 12:45:02] QUIT

[2026-10-06 12:45:02] Controller disconnected
[2026-10-06 12:46:21] Controller connected
[2026-10-06 12:46:21] AUTH OPS-3146

[2026-10-06 12:46:21] Controller connected
[2026-10-06 12:46:21] AUTH OPS-3146

[2026-10-06 12:46:21] Controller connected
[2026-10-06 12:46:21] AUTH OPS-3146

[2026-10-06 12:46:21] Controller connected
[2026-10-06 12:46:21] AUTH OPS-3146

[2026-10-06 12:46:21] Controller connected
[2026-10-06 12:46:21] AUTH OPS-3146

[2026-10-06 12:46:31] QUIT

[2026-10-06 12:46:31] Controller disconnected
[2026-10-06 12:46:31] QUIT

[2026-10-06 12:46:31] Controller disconnected
[2026-10-06 12:46:31] QUIT

[2026-10-06 12:46:31] Controller disconnected
[2026-10-06 12:46:31] QUIT

[2026-10-06 12:46:31] Controller disconnected
[2026-10-06 12:46:31] QUIT

[2026-10-06 12:46:31] Controller disconnected
